Determining the gflags namespace passed with the following output:
Change Dir: '/home/percy/deep_robotics/lighting-ws/src/lightning-lm/thirdparty/glog/build/CMakeFiles/CMakeTmp'

Run Build Command(s): /usr/local/cmake/bin/cmake -E env VERBOSE=1 /usr/bin/gmake -f Makefile cmTC_5f9b6/fast
/usr/bin/gmake  -f CMakeFiles/cmTC_5f9b6.dir/build.make CMakeFiles/cmTC_5f9b6.dir/build
gmake[1]: Entering directory '/home/percy/deep_robotics/lighting-ws/src/lightning-lm/thirdparty/glog/build/CMakeFiles/CMakeTmp'
Building CXX object CMakeFiles/cmTC_5f9b6.dir/DetermineGflagsNamespace.cxx.o
/usr/bin/c++ -DGFLAGS_IS_A_DLL=0 -DGLOG_GFLAGS_NAMESPACE=gflags  -fPIE -o CMakeFiles/cmTC_5f9b6.dir/DetermineGflagsNamespace.cxx.o -c /home/percy/deep_robotics/lighting-ws/src/lightning-lm/thirdparty/glog/build/CMakeFiles/CMakeTmp/DetermineGflagsNamespace.cxx
Linking CXX executable cmTC_5f9b6
/usr/local/cmake/bin/cmake -E cmake_link_script CMakeFiles/cmTC_5f9b6.dir/link.txt --verbose=1
/usr/bin/c++ CMakeFiles/cmTC_5f9b6.dir/DetermineGflagsNamespace.cxx.o -o cmTC_5f9b6  /usr/lib/x86_64-linux-gnu/libgflags.so.2.2.2 -lpthread 
gmake[1]: Leaving directory '/home/percy/deep_robotics/lighting-ws/src/lightning-lm/thirdparty/glog/build/CMakeFiles/CMakeTmp'



Determining the gflags namespace passed with the following output:
Change Dir: '/home/percy/deep_robotics/lighting-ws/src/lightning-lm/thirdparty/glog/build/CMakeFiles/CMakeTmp'

Run Build Command(s): /usr/local/cmake/bin/cmake -E env VERBOSE=1 /usr/bin/gmake -f Makefile cmTC_4605b/fast
/usr/bin/gmake  -f CMakeFiles/cmTC_4605b.dir/build.make CMakeFiles/cmTC_4605b.dir/build
gmake[1]: Entering directory '/home/percy/deep_robotics/lighting-ws/src/lightning-lm/thirdparty/glog/build/CMakeFiles/CMakeTmp'
Building CXX object CMakeFiles/cmTC_4605b.dir/DetermineGflagsNamespace.cxx.o
/usr/bin/c++ -DGFLAGS_IS_A_DLL=0 -DGLOG_GFLAGS_NAMESPACE=gflags  -fPIE -o CMakeFiles/cmTC_4605b.dir/DetermineGflagsNamespace.cxx.o -c /home/percy/deep_robotics/lighting-ws/src/lightning-lm/thirdparty/glog/build/CMakeFiles/CMakeTmp/DetermineGflagsNamespace.cxx
Linking CXX executable cmTC_4605b
/usr/local/cmake/bin/cmake -E cmake_link_script CMakeFiles/cmTC_4605b.dir/link.txt --verbose=1
/usr/bin/c++ CMakeFiles/cmTC_4605b.dir/DetermineGflagsNamespace.cxx.o -o cmTC_4605b  /usr/lib/x86_64-linux-gnu/libgflags.so.2.2.2 -lpthread 
gmake[1]: Leaving directory '/home/percy/deep_robotics/lighting-ws/src/lightning-lm/thirdparty/glog/build/CMakeFiles/CMakeTmp'



